{
  _type: 'element',
  tags: null,
  links: null,
  _stage: 'layouted',
  sourcePath: 'lws10-core.c4',
  description: null,
  title: 'Threat Model',
  id: 'threat-model',
  autoLayout: {
    direction: 'TB',
  },
  hash: 'BI40UWUepFHdTcEPR_kXjp3cvHlXa4YyzdYjM51fWgc',
  bounds: {
    x: 522,
    y: -86,
    width: 1993,
    height: 1639,
  },
  nodes: [
    {
      id: 'cid-context',
      parent: null,
      level: 0,
      children: [
        'cid-context.controlled-identifier',
      ],
      inEdges: [
        'ggg1kt',
        'pl84ws',
      ],
      outEdges: [
        '1knbh47',
        '2cv4th',
      ],
      title: 'C1 End User CID Provider',
      modelRef: 'cid-context',
      shape: 'rectangle',
      color: 'sky',
      style: {
        opacity: 15,
        size: 'md',
      },
      tags: [],
      metadata: {
        _shape: 'threat-container',
      },
      kind: 'component',
      depth: 1,
      description: {
        txt: '',
      },
      isCustomized: true,
      x: 542,
      y: 524,
      width: 384,
      height: 287,
      labelBBox: {
        x: 6,
        y: 0,
        width: 160,
        height: 15,
      },
      navigateTo: null,
      links: null,
    },
    {
      id: 'app-provider',
      parent: null,
      level: 0,
      children: [],
      inEdges: [],
      outEdges: [
        '1lfl6us',
      ],
      title: 'E2 Application Provider',
      modelRef: 'app-provider',
      shape: 'rectangle',
      color: 'primary',
      style: {
        opacity: 15,
        size: 'md',
      },
      tags: [],
      kind: 'actor',
      description: {
        txt: '',
      },
      isCustomized: true,
      x: 1478,
      y: -66,
      width: 320,
      height: 180,
      labelBBox: {
        x: 54,
        y: 76,
        width: 212,
        height: 24,
      },
      navigateTo: null,
      links: null,
    },
    {
      id: 'resource-owner',
      parent: null,
      level: 0,
      children: [],
      inEdges: [],
      outEdges: [
        'bqwu9r',
      ],
      title: 'E3 Resource Owner',
      modelRef: 'resource-owner',
      shape: 'rectangle',
      color: 'primary',
      style: {
        opacity: 15,
        size: 'md',
      },
      tags: [],
      kind: 'actor',
      description: {
        txt: '',
      },
      isCustomized: true,
      x: 2142,
      y: 370,
      width: 320,
      height: 180,
      labelBBox: {
        x: 68,
        y: 76,
        width: 184,
        height: 24,
      },
      navigateTo: null,
      links: null,
    },
    {
      id: 'cid-context.controlled-identifier',
      parent: 'cid-context',
      level: 1,
      children: [],
      inEdges: [
        'ggg1kt',
        'pl84ws',
      ],
      outEdges: [
        '1knbh47',
        '2cv4th',
      ],
      title: 'P1 Controlled Identifier',
      modelRef: 'cid-context.controlled-identifier',
      shape: 'rectangle',
      color: 'primary',
      style: {
        opacity: 15,
        size: 'md',
      },
      description: {
        txt: '',
      },
      tags: [],
      metadata: {
        _shape: 'process',
      },
      kind: 'component',
      isCustomized: true,
      x: 574,
      y: 599,
      width: 320,
      height: 180,
      labelBBox: {
        x: 56,
        y: 76,
        width: 207,
        height: 24,
      },
      navigateTo: null,
      links: null,
    },
    {
      id: 'agent',
      parent: null,
      level: 0,
      children: [],
      inEdges: [
        '2cv4th',
      ],
      outEdges: [
        '13mr6gs',
        'drbxma',
      ],
      title: 'E1 Agent',
      modelRef: 'agent',
      shape: 'rectangle',
      color: 'primary',
      style: {
        opacity: 15,
        size: 'md',
      },
      description: {
        txt: '',
      },
      tags: [],
      kind: 'actor',
      isCustomized: true,
      x: 888,
      y: 219,
      width: 320,
      height: 180,
      labelBBox: {
        x: 117,
        y: 76,
        width: 86,
        height: 24,
      },
      navigateTo: null,
      links: null,
    },
    {
      id: 'app-context',
      parent: null,
      level: 0,
      children: [
        'app-context.lws-client',
      ],
      inEdges: [
        'drbxma',
        '1lfl6us',
      ],
      outEdges: [
        'ggg1kt',
        '1lfprtc',
        '1ql4uuj',
        'ojnu3e',
      ],
      title: 'C3 Application Provider',
      modelRef: 'app-context',
      shape: 'rectangle',
      color: 'sky',
      style: {
        opacity: 15,
        size: 'md',
      },
      tags: [],
      metadata: {
        _shape: 'threat-container',
      },
      kind: 'component',
      depth: 1,
      description: {
        txt: '',
      },
      isCustomized: true,
      x: 1448,
      y: 249,
      width: 384,
      height: 286,
      labelBBox: {
        x: 6,
        y: 0,
        width: 156,
        height: 15,
      },
      navigateTo: null,
      links: null,
    },
    {
      id: 'app-context.lws-client',
      parent: 'app-context',
      level: 1,
      children: [],
      inEdges: [
        'drbxma',
      ],
      outEdges: [
        'ggg1kt',
        '1lfprtc',
        '1ql4uuj',
        'ojnu3e',
      ],
      title: 'P3 LWS Client',
      modelRef: 'app-context.lws-client',
      shape: 'rectangle',
      color: 'primary',
      style: {
        opacity: 15,
        size: 'md',
      },
      description: {
        txt: '',
      },
      tags: [],
      metadata: {
        _shape: 'process',
      },
      kind: 'component',
      isCustomized: true,
      x: 1480,
      y: 323,
      width: 320,
      height: 180,
      labelBBox: {
        x: 93,
        y: 76,
        width: 134,
        height: 24,
      },
      navigateTo: null,
      links: null,
    },
    {
      id: 'owner-context',
      parent: null,
      level: 0,
      children: [
        'owner-context.lws-server.authorization-server',
        'owner-context.lws-server.resource-server',
      ],
      inEdges: [
        '1ql4uuj',
        'ojnu3e',
        'bqwu9r',
      ],
      outEdges: [
        'pl84ws',
        'chcn5d',
      ],
      title: 'C4 Resource Owner',
      modelRef: 'owner-context',
      shape: 'rectangle',
      color: 'sky',
      style: {
        opacity: 15,
        size: 'md',
      },
      tags: [],
      metadata: {
        _shape: 'threat-container',
      },
      kind: 'component',
      depth: 1,
      description: {
        txt: '',
      },
      isCustomized: true,
      x: 2088,
      y: 793,
      width: 407,
      height: 604,
      labelBBox: {
        x: 6,
        y: 0,
        width: 129,
        height: 15,
      },
      navigateTo: null,
      links: null,
    },
    {
      id: 'owner-context.lws-server.authorization-server',
      parent: 'owner-context',
      level: 1,
      children: [],
      inEdges: [
        '1ql4uuj',
      ],
      outEdges: [
        'pl84ws',
        'chcn5d',
        '129v7rv',
      ],
      title: 'P5 Authorization Server',
      modelRef: 'owner-context.lws-server.authorization-server',
      shape: 'rectangle',
      color: 'primary',
      style: {
        opacity: 15,
        size: 'md',
      },
      description: {
        txt: '',
      },
      tags: [],
      metadata: {
        _shape: 'process',
      },
      kind: 'component',
      isCustomized: true,
      x: 2130,
      y: 853,
      width: 320,
      height: 180,
      labelBBox: {
        x: 52,
        y: 76,
        width: 215,
        height: 24,
      },
      navigateTo: null,
      links: null,
    },
    {
      id: 'idp-context',
      parent: null,
      level: 0,
      children: [
        'idp-context.identity-provider',
        'idp-context.key',
      ],
      inEdges: [
        '1knbh47',
        '13mr6gs',
        '1lfprtc',
        'chcn5d',
      ],
      outEdges: [],
      title: 'C2 End User Auth / IdP',
      modelRef: 'idp-context',
      shape: 'rectangle',
      color: 'sky',
      style: {
        opacity: 15,
        size: 'md',
      },
      tags: [],
      metadata: {
        _shape: 'threat-container',
      },
      kind: 'component',
      depth: 1,
      description: {
        txt: '',
      },
      isCustomized: true,
      x: 886,
      y: 932,
      width: 407,
      height: 601,
      labelBBox: {
        x: 6,
        y: 0,
        width: 139,
        height: 15,
      },
      navigateTo: null,
      links: null,
    },
    {
      id: 'owner-context.lws-server.resource-server',
      parent: 'owner-context',
      level: 1,
      children: [],
      inEdges: [
        'ojnu3e',
        '129v7rv',
      ],
      outEdges: [],
      title: 'P4 Resource Server',
      modelRef: 'owner-context.lws-server.resource-server',
      shape: 'rectangle',
      color: 'primary',
      style: {
        opacity: 15,
        size: 'md',
      },
      description: {
        txt: '',
      },
      tags: [],
      metadata: {
        _shape: 'process',
      },
      kind: 'component',
      isCustomized: true,
      x: 2133,
      y: 1175,
      width: 320,
      height: 180,
      labelBBox: {
        x: 68,
        y: 76,
        width: 184,
        height: 24,
      },
      navigateTo: null,
      links: null,
    },
    {
      id: 'idp-context.identity-provider',
      parent: 'idp-context',
      level: 1,
      children: [],
      inEdges: [
        '1knbh47',
        '1lfprtc',
        'chcn5d',
      ],
      outEdges: [
        'u0vw7b',
      ],
      title: 'P2 Identity Provider',
      modelRef: 'idp-context.identity-provider',
      shape: 'rectangle',
      color: 'primary',
      style: {
        opacity: 15,
        size: 'md',
      },
      description: {
        txt: '',
      },
      tags: [],
      metadata: {
        _shape: 'process',
      },
      kind: 'component',
      isCustomized: true,
      x: 928,
      y: 992,
      width: 320,
      height: 180,
      labelBBox: {
        x: 71,
        y: 76,
        width: 179,
        height: 24,
      },
      navigateTo: null,
      links: null,
    },
    {
      id: 'idp-context.key',
      parent: 'idp-context',
      level: 1,
      children: [],
      inEdges: [
        'u0vw7b',
      ],
      outEdges: [],
      title: 'O1 Private Key',
      modelRef: 'idp-context.key',
      shape: 'rectangle',
      color: 'pink',
      style: {
        opacity: 15,
        size: 'md',
      },
      tags: [],
      metadata: {
        _shape: 'data-object',
      },
      kind: 'component',
      description: {
        txt: '',
      },
      isCustomized: true,
      x: 931,
      y: 1311,
      width: 320,
      height: 180,
      labelBBox: {
        x: 91,
        y: 76,
        width: 139,
        height: 24,
      },
      navigateTo: null,
      links: null,
    },
  ],
  edges: [
    {
      id: '1knbh47',
      source: 'cid-context.controlled-identifier',
      target: 'idp-context.identity-provider',
      label: 'F1 designates authn service',
      points: [
        [
          1298,
          856,
        ],
        [
          1316,
          885,
        ],
        [
          1339,
          915,
        ],
        [
          1363,
          939,
        ],
        [
          1394,
          970,
        ],
        [
          1430,
          999,
        ],
        [
          1466,
          1024,
        ],
      ],
      labelBBox: {
        x: 741,
        y: 858,
        width: 179,
        height: 18,
      },
      parent: null,
      relations: [
        '1q2n0s2',
      ],
      color: 'gray',
      line: 'dashed',
      head: 'normal',
      isLabelCustomized: true,
      controlPoints: [
        {
          x: 869,
          y: 833,
        },
        {
          x: 955,
          y: 926,
        },
      ],
      navigateTo: null,
      tags: null,
    },
    {
      id: 'u0vw7b',
      source: 'idp-context.identity-provider',
      target: 'idp-context.key',
      label: 'F2 signs AuthN Credentials with',
      points: [
        [
          1123,
          1101,
        ],
        [
          1216,
          1101,
        ],
        [
          1333,
          1101,
        ],
        [
          1428,
          1101,
        ],
      ],
      labelBBox: {
        x: 987,
        y: 1225,
        width: 203,
        height: 18,
      },
      parent: 'idp-context',
      relations: [
        '1gd7fwx',
      ],
      color: 'gray',
      line: 'dashed',
      head: 'normal',
      isLabelCustomized: true,
      controlPoints: [
        {
          x: 1089,
          y: 1236,
        },
      ],
      navigateTo: null,
      tags: null,
    },
    {
      id: '2cv4th',
      source: 'cid-context.controlled-identifier',
      target: 'agent',
      label: 'F9 identifies',
      points: [
        [
          1351,
          677,
        ],
        [
          1391,
          647,
        ],
        [
          1440,
          618,
        ],
        [
          1490,
          602,
        ],
        [
          1598,
          570,
        ],
        [
          1635,
          570,
        ],
        [
          1743,
          602,
        ],
        [
          1790,
          617,
        ],
        [
          1835,
          643,
        ],
        [
          1874,
          671,
        ],
      ],
      labelBBox: {
        x: 749,
        y: 438,
        width: 59,
        height: 18,
      },
      parent: null,
      relations: [
        '7ipqa4',
      ],
      color: 'gray',
      line: 'dashed',
      head: 'normal',
      kind: 'manages',
      isLabelCustomized: true,
      controlPoints: [
        {
          x: 811,
          y: 471,
        },
      ],
      navigateTo: null,
      tags: null,
    },
    {
      id: 'drbxma',
      source: 'agent',
      target: 'app-context.lws-client',
      label: 'F13 agent requests',
      points: [
        [
          1898,
          677,
        ],
        [
          1848,
          626,
        ],
        [
          1786,
          562,
        ],
        [
          1734,
          510,
        ],
      ],
      labelBBox: {
        x: 1269,
        y: 323,
        width: 97,
        height: 18,
      },
      parent: null,
      relations: [
        '113u95g',
      ],
      color: 'gray',
      line: 'dashed',
      head: 'normal',
      kind: 'manages',
      isLabelCustomized: true,
      controlPoints: [
        {
          x: 1277,
          y: 349,
        },
      ],
      navigateTo: null,
      tags: null,
    },
    {
      id: 'ggg1kt',
      source: 'app-context.lws-client',
      target: 'cid-context.controlled-identifier',
      label: 'F3 discovers AuthN Service',
      points: [
        [
          1480,
          456,
        ],
        [
          1420,
          479,
        ],
        [
          1356,
          513,
        ],
        [
          1311,
          563,
        ],
        [
          1286,
          592,
        ],
        [
          1270,
          631,
        ],
        [
          1261,
          667,
        ],
      ],
      labelBBox: {
        x: 1139,
        y: 514,
        width: 177,
        height: 18,
      },
      parent: null,
      relations: [
        '75anbe',
      ],
      color: 'gray',
      line: 'dashed',
      head: 'normal',
      isLabelCustomized: true,
      controlPoints: [
        {
          x: 1205,
          y: 524,
        },
      ],
      navigateTo: null,
      tags: null,
    },
    {
      id: '1lfprtc',
      source: 'app-context.lws-client',
      target: 'idp-context.identity-provider',
      label: 'F4 authenticates',
      points: [
        [
          1638,
          503,
        ],
        [
          1636,
          635,
        ],
        [
          1631,
          882,
        ],
        [
          1629,
          1020,
        ],
      ],
      labelBBox: {
        x: 1262,
        y: 803,
        width: 87,
        height: 18,
      },
      parent: null,
      relations: [
        '1amt79c',
      ],
      color: 'gray',
      line: 'dashed',
      head: 'normal',
      kind: 'manages',
      isLabelCustomized: true,
      controlPoints: [
        {
          x: 1298,
          y: 842,
        },
      ],
      navigateTo: null,
      tags: null,
    },
    {
      id: '1ql4uuj',
      source: 'app-context.lws-client',
      target: 'owner-context.lws-server.authorization-server',
      label: 'F8 requests access token',
      points: [
        [
          1480,
          427,
        ],
        [
          1214,
          449,
        ],
        [
          692,
          499,
        ],
        [
          519,
          563,
        ],
        [
          450,
          589,
        ],
        [
          382,
          631,
        ],
        [
          326,
          671,
        ],
      ],
      labelBBox: {
        x: 1917,
        y: 654,
        width: 143,
        height: 18,
      },
      parent: null,
      relations: [
        'yw59y2',
      ],
      color: 'gray',
      line: 'dashed',
      head: 'normal',
      kind: 'manages',
      isLabelCustomized: true,
      controlPoints: [
        {
          x: 1927,
          y: 627,
        },
      ],
      navigateTo: null,
      tags: null,
    },
    {
      id: 'pl84ws',
      source: 'owner-context.lws-server.authorization-server',
      target: 'cid-context.controlled-identifier',
      label: 'F5 verifies identity provider',
      points: [
        [
          368,
          683,
        ],
        [
          438,
          651,
        ],
        [
          522,
          618,
        ],
        [
          602,
          602,
        ],
        [
          698,
          583,
        ],
        [
          951,
          570,
        ],
        [
          1044,
          602,
        ],
        [
          1085,
          617,
        ],
        [
          1123,
          643,
        ],
        [
          1155,
          670,
        ],
      ],
      labelBBox: {
        x: 1488,
        y: 692,
        width: 151,
        height: 18,
      },
      parent: null,
      relations: [
        'g6czpr',
      ],
      color: 'gray',
      line: 'dashed',
      head: 'normal',
      kind: 'manages',
      isLabelCustomized: true,
      controlPoints: [
        {
          x: 1614,
          y: 729,
        },
      ],
      navigateTo: null,
      tags: null,
    },
    {
      id: 'chcn5d',
      source: 'owner-context.lws-server.authorization-server',
      target: 'idp-context.identity-provider',
      label: 'F6 validates credentials',
      points: [
        [
          368,
          824,
        ],
        [
          439,
          848,
        ],
        [
          524,
          875,
        ],
        [
          602,
          897,
        ],
        [
          900,
          977,
        ],
        [
          1253,
          1049,
        ],
        [
          1457,
          1088,
        ],
      ],
      labelBBox: {
        x: 1572,
        y: 1008,
        width: 131,
        height: 18,
      },
      parent: null,
      relations: [
        'n6e90l',
      ],
      color: 'gray',
      line: 'dashed',
      head: 'normal',
      kind: 'manages',
      isLabelCustomized: true,
      controlPoints: [
        {
          x: 1678,
          y: 1018,
        },
      ],
      navigateTo: null,
      tags: null,
    },
    {
      id: 'ojnu3e',
      source: 'app-context.lws-client',
      target: 'owner-context.lws-server.resource-server',
      label: 'F14 sends requests',
      points: [
        [
          1480,
          416,
        ],
        [
          1239,
          422,
        ],
        [
          800,
          448,
        ],
        [
          702,
          563,
        ],
        [
          675,
          595,
        ],
        [
          688,
          633,
        ],
        [
          713,
          668,
        ],
      ],
      labelBBox: {
        x: 1736,
        y: 869,
        width: 127,
        height: 18,
      },
      parent: null,
      relations: [
        'ubw0eg',
      ],
      color: 'gray',
      line: 'dashed',
      head: 'normal',
      kind: 'manages',
      isLabelCustomized: true,
      controlPoints: [
        {
          x: 1816,
          y: 883,
        },
      ],
      navigateTo: null,
      tags: null,
    },
    {
      id: '129v7rv',
      source: 'owner-context.lws-server.authorization-server',
      target: 'owner-context.lws-server.resource-server',
      label: 'F7 issues access tokens for',
      points: [
        [
          2353,
          920,
        ],
        [
          2439,
          920,
        ],
        [
          2544,
          920,
        ],
        [
          2632,
          920,
        ],
      ],
      labelBBox: {
        x: 2266,
        y: 1081,
        width: 177,
        height: 18,
      },
      parent: 'owner-context',
      relations: [
        '1sd9jib',
      ],
      color: 'gray',
      line: 'dashed',
      head: 'normal',
      isLabelCustomized: true,
      controlPoints: [
        {
          x: 2290,
          y: 1099,
        },
      ],
      navigateTo: null,
      tags: null,
    },
    {
      id: '13mr6gs',
      source: 'agent',
      target: 'idp-context',
      label: 'F10 controlls',
      points: [
        [
          1895,
          856,
        ],
        [
          1869,
          882,
        ],
        [
          1839,
          911,
        ],
        [
          1809,
          940,
        ],
      ],
      labelBBox: {
        x: 1058,
        y: 646,
        width: 84,
        height: 18,
      },
      parent: null,
      relations: [
        '127n9hr',
      ],
      color: 'gray',
      line: 'dashed',
      head: 'normal',
      isLabelCustomized: true,
      controlPoints: [
        {
          x: 1110,
          y: 672,
        },
      ],
      navigateTo: null,
      tags: null,
    },
    {
      id: '1lfl6us',
      source: 'app-provider',
      target: 'app-context',
      label: 'F11 controlls',
      points: [
        [
          1640,
          180,
        ],
        [
          1640,
          198,
        ],
        [
          1640,
          218,
        ],
        [
          1640,
          239,
        ],
      ],
      labelBBox: {
        x: 1642,
        y: 170,
        width: 84,
        height: 18,
      },
      parent: null,
      relations: [
        '1vtvtom',
      ],
      color: 'gray',
      line: 'dashed',
      head: 'normal',
      isLabelCustomized: true,
      controlPoints: [
        {
          x: 1638,
          y: 167,
        },
      ],
      navigateTo: null,
      tags: null,
    },
    {
      id: 'bqwu9r',
      source: 'resource-owner',
      target: 'owner-context',
      label: 'F12 controlls',
      points: [
        [
          208,
          503,
        ],
        [
          208,
          528,
        ],
        [
          208,
          556,
        ],
        [
          208,
          584,
        ],
      ],
      labelBBox: {
        x: 2285,
        y: 651,
        width: 84,
        height: 18,
      },
      parent: null,
      relations: [
        'ct53zi',
      ],
      color: 'gray',
      line: 'dashed',
      head: 'normal',
      isLabelCustomized: true,
      controlPoints: [
        {
          x: 2296,
          y: 666,
        },
      ],
      navigateTo: null,
      tags: null,
    },
  ],
  _layout: 'manual',
}
