{
  _type: 'element',
  tags: null,
  links: null,
  _stage: 'layouted',
  sourcePath: 'lws.c4',
  description: null,
  title: null,
  id: 'lws',
  autoLayout: {
    direction: 'TB',
  },
  hash: 'RtFOiWWpTXexjrhBw_fb4RV8wA5FTz5DWkvPtjfObjI',
  bounds: {
    x: 2,
    y: -264,
    width: 2134,
    height: 1542,
  },
  nodes: [
    {
      id: 'userActor',
      parent: null,
      level: 0,
      children: [],
      inEdges: [],
      outEdges: [
        'mwjq0c',
        'mwjptf',
        'bs3lom',
      ],
      title: 'E1 User',
      modelRef: 'userActor',
      shape: 'rectangle',
      color: 'amber',
      style: {
        border: 'solid',
        opacity: 100,
        size: 'md',
      },
      tags: [],
      kind: 'ExternalEntity',
      x: 563,
      y: 118,
      width: 320,
      height: 180,
      labelBBox: {
        x: 122,
        y: 76,
        width: 76,
        height: 24,
      },
      navigateTo: null,
      links: null,
    },
    {
      id: 'appActor',
      parent: null,
      level: 0,
      children: [],
      inEdges: [],
      outEdges: [
        '1l8jr35',
      ],
      title: 'E2 Application Admin',
      modelRef: 'appActor',
      shape: 'rectangle',
      color: 'amber',
      style: {
        border: 'solid',
        opacity: 100,
        size: 'md',
      },
      tags: [],
      kind: 'ExternalEntity',
      x: 1089,
      y: -244,
      width: 320,
      height: 180,
      labelBBox: {
        x: 63,
        y: 76,
        width: 194,
        height: 24,
      },
      navigateTo: null,
      links: null,
    },
    {
      id: 'ownerActor',
      parent: null,
      level: 0,
      children: [],
      inEdges: [],
      outEdges: [
        'rzrsdd',
      ],
      title: 'E3 Resource Owner',
      modelRef: 'ownerActor',
      shape: 'rectangle',
      color: 'amber',
      style: {
        border: 'solid',
        opacity: 100,
        size: 'md',
      },
      tags: [],
      kind: 'ExternalEntity',
      x: 1733,
      y: 174,
      width: 320,
      height: 180,
      labelBBox: {
        x: 68,
        y: 76,
        width: 184,
        height: 24,
      },
      navigateTo: null,
      links: null,
    },
    {
      id: 'app',
      parent: null,
      level: 0,
      children: [
        'app.client',
      ],
      inEdges: [
        'bs3lom',
        '1l8jr35',
      ],
      outEdges: [
        'rpaebk',
        '13r68sj',
        '1otfm7e',
        '1tsyvhd',
      ],
      title: 'C2 Application Provider',
      modelRef: 'app',
      shape: 'rectangle',
      color: 'sky',
      style: {
        border: 'solid',
        opacity: 100,
        size: 'md',
      },
      tags: [],
      kind: 'ThreatContainer',
      depth: 1,
      x: 1049,
      y: 48,
      width: 404,
      height: 282,
      labelBBox: {
        x: 6,
        y: 0,
        width: 156,
        height: 15,
      },
      navigateTo: null,
      links: null,
    },
    {
      id: 'app.client',
      parent: 'app',
      level: 1,
      children: [],
      inEdges: [
        'bs3lom',
      ],
      outEdges: [
        'rpaebk',
        '13r68sj',
        '1otfm7e',
        '1tsyvhd',
      ],
      title: 'P3 Application',
      modelRef: 'app.client',
      shape: 'rectangle',
      color: 'amber',
      style: {
        border: 'solid',
        opacity: 100,
        size: 'md',
      },
      tags: [],
      metadata: {
        _shape: 'process',
      },
      kind: 'Process',
      x: 1091,
      y: 108,
      width: 320,
      height: 180,
      labelBBox: {
        x: 94,
        y: 76,
        width: 132,
        height: 24,
      },
      navigateTo: null,
      links: null,
    },
    {
      id: 'owner',
      parent: null,
      level: 0,
      children: [
        'owner.as',
        'owner.storage',
      ],
      inEdges: [
        '1otfm7e',
        '1tsyvhd',
        'rzrsdd',
      ],
      outEdges: [
        'idrl3f',
        'hmn2zs',
      ],
      title: 'C3 Resource Owner',
      modelRef: 'owner',
      shape: 'rectangle',
      color: 'sky',
      style: {
        border: 'solid',
        opacity: 100,
        size: 'md',
      },
      tags: [],
      kind: 'ThreatContainer',
      depth: 1,
      x: 1634,
      y: 561,
      width: 482,
      height: 580,
      labelBBox: {
        x: 6,
        y: 0,
        width: 129,
        height: 15,
      },
      navigateTo: null,
      links: null,
    },
    {
      id: 'owner.as',
      parent: 'owner',
      level: 1,
      children: [],
      inEdges: [
        '1tsyvhd',
      ],
      outEdges: [
        'idrl3f',
        'hmn2zs',
        'smyo1t',
      ],
      title: 'P5 Resource Server Authorization Server',
      modelRef: 'owner.as',
      shape: 'rectangle',
      color: 'amber',
      style: {
        border: 'solid',
        opacity: 100,
        size: 'md',
      },
      tags: [],
      metadata: {
        _shape: 'process',
      },
      kind: 'Process',
      x: 1676,
      y: 621,
      width: 398,
      height: 180,
      labelBBox: {
        x: 14,
        y: 76,
        width: 371,
        height: 24,
      },
      navigateTo: null,
      links: null,
    },
    {
      id: 'userId',
      parent: null,
      level: 0,
      children: [
        'userId.cid',
      ],
      inEdges: [
        'mwjq0c',
        'rpaebk',
        'idrl3f',
      ],
      outEdges: [
        '1l4l8cp',
      ],
      title: 'C1 End User CID Provider',
      modelRef: 'userId',
      shape: 'rectangle',
      color: 'sky',
      style: {
        border: 'solid',
        opacity: 100,
        size: 'md',
      },
      tags: [],
      kind: 'ThreatContainer',
      depth: 1,
      x: 22,
      y: 390,
      width: 404,
      height: 282,
      labelBBox: {
        x: 6,
        y: 0,
        width: 160,
        height: 15,
      },
      navigateTo: null,
      links: null,
    },
    {
      id: 'owner.storage',
      parent: 'owner',
      level: 1,
      children: [],
      inEdges: [
        '1otfm7e',
        'smyo1t',
      ],
      outEdges: [],
      title: 'P4 Resource Server',
      modelRef: 'owner.storage',
      shape: 'rectangle',
      color: 'amber',
      style: {
        border: 'solid',
        opacity: 100,
        size: 'md',
      },
      tags: [],
      metadata: {
        _shape: 'process',
      },
      kind: 'Process',
      x: 1719,
      y: 919,
      width: 320,
      height: 180,
      labelBBox: {
        x: 68,
        y: 76,
        width: 184,
        height: 24,
      },
      navigateTo: null,
      links: null,
    },
    {
      id: 'userId.cid',
      parent: 'userId',
      level: 1,
      children: [],
      inEdges: [
        'rpaebk',
        'idrl3f',
      ],
      outEdges: [
        '1l4l8cp',
      ],
      title: 'P1 CID',
      modelRef: 'userId.cid',
      shape: 'rectangle',
      color: 'amber',
      style: {
        border: 'solid',
        opacity: 100,
        size: 'md',
      },
      tags: [],
      metadata: {
        _shape: 'process',
      },
      kind: 'Process',
      x: 64,
      y: 450,
      width: 320,
      height: 180,
      labelBBox: {
        x: 126,
        y: 76,
        width: 68,
        height: 24,
      },
      navigateTo: null,
      links: null,
    },
    {
      id: 'userAs',
      parent: null,
      level: 0,
      children: [
        'userAs.as',
        'userAs.key',
      ],
      inEdges: [
        '1l4l8cp',
        'mwjptf',
        '13r68sj',
        'hmn2zs',
      ],
      outEdges: [],
      title: 'C1 End User Auth / IdP',
      modelRef: 'userAs',
      shape: 'rectangle',
      color: 'sky',
      style: {
        border: 'solid',
        opacity: 100,
        size: 'md',
      },
      tags: [],
      kind: 'ThreatContainer',
      depth: 1,
      x: 496,
      y: 674,
      width: 416,
      height: 584,
      labelBBox: {
        x: 6,
        y: 0,
        width: 112,
        height: 15,
      },
      navigateTo: null,
      links: null,
    },
    {
      id: 'userAs.as',
      parent: 'userAs',
      level: 1,
      children: [],
      inEdges: [
        '1l4l8cp',
        '13r68sj',
        'hmn2zs',
      ],
      outEdges: [
        'vzgf5b',
      ],
      title: 'P2 End User Authorization Server / IdP',
      modelRef: 'userAs.as',
      shape: 'rectangle',
      color: 'amber',
      style: {
        border: 'solid',
        opacity: 100,
        size: 'md',
      },
      tags: [],
      metadata: {
        _shape: 'process',
      },
      kind: 'Process',
      x: 538,
      y: 734,
      width: 332,
      height: 180,
      labelBBox: {
        x: 14,
        y: 76,
        width: 304,
        height: 24,
      },
      navigateTo: null,
      links: null,
    },
    {
      id: 'userAs.key',
      parent: 'userAs',
      level: 1,
      children: [],
      inEdges: [
        'vzgf5b',
      ],
      outEdges: [],
      title: 'O1 Private Key',
      modelRef: 'userAs.key',
      shape: 'rectangle',
      color: 'pink',
      style: {
        border: 'solid',
        opacity: 100,
        size: 'md',
      },
      tags: [],
      metadata: {
        _shape: 'data-object',
      },
      kind: 'DataObject',
      x: 549,
      y: 1036,
      width: 320,
      height: 180,
      labelBBox: {
        x: 91,
        y: 76,
        width: 139,
        height: 24,
      },
      navigateTo: null,
      links: null,
    },
  ],
  edges: [
    {
      id: '1l4l8cp',
      source: 'userId.cid',
      target: 'userAs.as',
      label: 'F1 designates authn service',
      points: [
        [
          1356,
          1138,
        ],
        [
          1371,
          1165,
        ],
        [
          1389,
          1195,
        ],
        [
          1406,
          1221,
        ],
        [
          1419,
          1241,
        ],
        [
          1434,
          1262,
        ],
        [
          1449,
          1282,
        ],
      ],
      labelBBox: {
        x: 210,
        y: 711,
        width: 179,
        height: 18,
      },
      parent: null,
      relations: [
        'ij3n8k',
      ],
      color: 'gray',
      line: 'solid',
      head: 'normal',
      controlPoints: [
        {
          x: 403,
          y: 650,
        },
        {
          x: 507,
          y: 713,
        },
      ],
      isLabelCustomized: false,
      navigateTo: null,
      tags: null,
    },
    {
      id: 'vzgf5b',
      source: 'userAs.as',
      target: 'userAs.key',
      label: 'F2 signs AuthN Credentials with',
      points: [
        [
          870,
          824,
        ],
        [
          963,
          824,
        ],
        [
          1080,
          824,
        ],
        [
          1175,
          824,
        ],
      ],
      labelBBox: {
        x: 602,
        y: 957,
        width: 203,
        height: 18,
      },
      parent: 'userAs',
      relations: [
        '29bwfh',
      ],
      color: 'gray',
      line: 'solid',
      head: 'normal',
      controlPoints: [
        {
          x: 705,
          y: 972,
        },
      ],
      isLabelCustomized: true,
      navigateTo: null,
      tags: null,
    },
    {
      id: 'bs3lom',
      source: 'userActor',
      target: 'app.client',
      label: 'F13 uses',
      points: [
        [
          927,
          193,
        ],
        [
          982,
          193,
        ],
      ],
      labelBBox: {
        x: 943,
        y: 160,
        width: 62,
        height: 18,
      },
      parent: null,
      relations: [
        '3g93o4',
      ],
      color: 'gray',
      line: 'solid',
      head: 'normal',
      controlPoints: [
        {
          x: 961,
          y: 202,
        },
        {
          x: 1010,
          y: 201,
        },
      ],
      isLabelCustomized: false,
      navigateTo: null,
      tags: null,
    },
    {
      id: 'rpaebk',
      source: 'app.client',
      target: 'userId.cid',
      label: 'F3 discovers AuthN Service',
      points: [
        [
          1280,
          482,
        ],
        [
          1286,
          604,
        ],
        [
          1297,
          821,
        ],
        [
          1304,
          948,
        ],
      ],
      labelBBox: {
        x: 754,
        y: 362,
        width: 177,
        height: 18,
      },
      parent: null,
      relations: [
        'd3aa2r',
      ],
      color: 'gray',
      line: 'solid',
      head: 'normal',
      controlPoints: [
        {
          x: 746,
          y: 363,
        },
      ],
      isLabelCustomized: false,
      navigateTo: null,
      tags: null,
    },
    {
      id: '13r68sj',
      source: 'app.client',
      target: 'userAs.as',
      label: 'F4 obtains AuthN Credential',
      points: [
        [
          1435,
          414,
        ],
        [
          1611,
          441,
        ],
        [
          1878,
          493,
        ],
        [
          1939,
          573,
        ],
        [
          2117,
          805,
        ],
        [
          1819,
          1126,
        ],
        [
          1642,
          1283,
        ],
      ],
      labelBBox: {
        x: 1037,
        y: 434,
        width: 180,
        height: 18,
      },
      parent: null,
      relations: [
        '1rfufi0',
      ],
      color: 'gray',
      line: 'solid',
      head: 'normal',
      controlPoints: [
        {
          x: 1007,
          y: 451,
        },
      ],
      isLabelCustomized: false,
      navigateTo: null,
      tags: null,
    },
    {
      id: '1otfm7e',
      source: 'app.client',
      target: 'owner.storage',
      label: 'F14 accesses data',
      points: [
        [
          1416,
          602,
        ],
        [
          1480,
          759,
        ],
      ],
      labelBBox: {
        x: 1428,
        y: 542,
        width: 122,
        height: 18,
      },
      parent: null,
      relations: [
        'tr6ifm',
      ],
      color: 'gray',
      line: 'solid',
      head: 'normal',
      controlPoints: [
        {
          x: 1419,
          y: 585,
        },
      ],
      isLabelCustomized: true,
      navigateTo: null,
      tags: null,
    },
    {
      id: '1tsyvhd',
      source: 'app.client',
      target: 'owner.as',
      label: 'F8 exchanges credential for token',
      points: [
        [
          1115,
          440,
        ],
        [
          995,
          475,
        ],
        [
          827,
          525,
        ],
        [
          680,
          573,
        ],
        [
          607,
          597,
        ],
        [
          527,
          624,
        ],
        [
          456,
          649,
        ],
      ],
      labelBBox: {
        x: 1567,
        y: 423,
        width: 215,
        height: 18,
      },
      parent: null,
      relations: [
        '10fhida',
      ],
      color: 'gray',
      line: 'solid',
      head: 'normal',
      controlPoints: [
        {
          x: 1469,
          y: 367,
        },
        {
          x: 1675,
          y: 536,
        },
      ],
      isLabelCustomized: true,
      navigateTo: null,
      tags: null,
    },
    {
      id: 'idrl3f',
      source: 'owner.as',
      target: 'userId.cid',
      label: 'F5 discovers AuthN Service',
      points: [
        [
          446,
          786,
        ],
        [
          646,
          846,
        ],
        [
          950,
          938,
        ],
        [
          1139,
          996,
        ],
      ],
      labelBBox: {
        x: 1061,
        y: 586,
        width: 177,
        height: 18,
      },
      parent: null,
      relations: [
        '1xd7bpt',
      ],
      color: 'gray',
      line: 'solid',
      head: 'normal',
      controlPoints: [
        {
          x: 1020,
          y: 619,
        },
      ],
      isLabelCustomized: false,
      navigateTo: null,
      tags: null,
    },
    {
      id: 'hmn2zs',
      source: 'owner.as',
      target: 'userAs.as',
      label: 'F6 obtains public key',
      points: [
        [
          370,
          814,
        ],
        [
          507,
          911,
        ],
        [
          738,
          1065,
        ],
        [
          952,
          1170,
        ],
        [
          1082,
          1234,
        ],
        [
          1235,
          1289,
        ],
        [
          1351,
          1326,
        ],
      ],
      labelBBox: {
        x: 1194,
        y: 805,
        width: 136,
        height: 18,
      },
      parent: null,
      relations: [
        '1xtputt',
      ],
      color: 'gray',
      line: 'solid',
      head: 'normal',
      controlPoints: [
        {
          x: 1447,
          y: 758,
        },
        {
          x: 968,
          y: 804,
        },
      ],
      isLabelCustomized: false,
      navigateTo: null,
      tags: null,
    },
    {
      id: 'smyo1t',
      source: 'owner.as',
      target: 'owner.storage',
      label: 'F7 issues access tokens for',
      points: [
        [
          2074,
          711,
        ],
        [
          2163,
          711,
        ],
        [
          2267,
          711,
        ],
        [
          2353,
          711,
        ],
      ],
      labelBBox: {
        x: 1897,
        y: 850,
        width: 177,
        height: 18,
      },
      parent: 'owner',
      relations: [
        '1n6vxll',
      ],
      color: 'gray',
      line: 'solid',
      head: 'normal',
      controlPoints: [
        {
          x: 1876,
          y: 866,
        },
      ],
      isLabelCustomized: true,
      navigateTo: null,
      tags: null,
    },
    {
      id: 'mwjq0c',
      source: 'userActor',
      target: 'userId',
      label: 'F9 controlls',
      points: [
        [
          1610,
          814,
        ],
        [
          1576,
          840,
        ],
        [
          1538,
          870,
        ],
        [
          1500,
          899,
        ],
      ],
      labelBBox: {
        x: 495,
        y: 352,
        width: 76,
        height: 18,
      },
      parent: null,
      relations: [
        '1ecaoj6',
      ],
      color: 'gray',
      line: 'solid',
      head: 'normal',
      controlPoints: [
        {
          x: 518,
          y: 336,
        },
      ],
      isLabelCustomized: false,
      navigateTo: null,
      tags: null,
    },
    {
      id: 'mwjptf',
      source: 'userActor',
      target: 'userAs',
      label: 'F10 controlls',
      points: [
        [
          1711,
          814,
        ],
        [
          1694,
          913,
        ],
        [
          1663,
          1076,
        ],
        [
          1611,
          1219,
        ],
      ],
      labelBBox: {
        x: 719,
        y: 497,
        width: 84,
        height: 18,
      },
      parent: null,
      relations: [
        '18kzcni',
      ],
      color: 'gray',
      line: 'solid',
      head: 'normal',
      controlPoints: [
        {
          x: 718,
          y: 482,
        },
      ],
      isLabelCustomized: false,
      navigateTo: null,
      tags: null,
    },
    {
      id: '1l8jr35',
      source: 'appActor',
      target: 'app',
      label: 'F11 controlls',
      points: [
        [
          1275,
          180,
        ],
        [
          1275,
          198,
        ],
        [
          1275,
          218,
        ],
        [
          1275,
          239,
        ],
      ],
      labelBBox: {
        x: 1172,
        y: -25,
        width: 84,
        height: 18,
      },
      parent: null,
      relations: [
        '6ln665',
      ],
      color: 'gray',
      line: 'solid',
      head: 'normal',
      controlPoints: [
        {
          x: 1246,
          y: -17,
        },
      ],
      isLabelCustomized: false,
      navigateTo: null,
      tags: null,
    },
    {
      id: 'rzrsdd',
      source: 'ownerActor',
      target: 'owner',
      label: 'F12 controlls',
      points: [
        [
          247,
          482,
        ],
        [
          247,
          507,
        ],
        [
          247,
          535,
        ],
        [
          247,
          563,
        ],
      ],
      labelBBox: {
        x: 1927,
        y: 442,
        width: 84,
        height: 18,
      },
      parent: null,
      relations: [
        'gi7uaa',
      ],
      color: 'gray',
      line: 'solid',
      head: 'normal',
      controlPoints: [
        {
          x: 1887,
          y: 446,
        },
      ],
      isLabelCustomized: false,
      navigateTo: null,
      tags: null,
    },
  ],
  _layout: 'manual',
}
